// Jest Snapshot v1, https://goo.gl/fbAQLP

exports[`<Winning /> renders correctly 1`] = `
<View
  style={
    {
      "alignItems": "center",
    }
  }
>
  <View
    collapsable={false}
    style={
      {
        "alignItems": "center",
        "height": 68,
        "justifyContent": "center",
        "marginBottom": 10,
        "opacity": 0,
        "width": 340,
      }
    }
  >
    <View
      accessibilityState={
        {
          "busy": undefined,
          "checked": undefined,
          "disabled": true,
          "expanded": undefined,
          "selected": undefined,
        }
      }
      accessibilityValue={
        {
          "max": undefined,
          "min": undefined,
          "now": undefined,
          "text": undefined,
        }
      }
      accessible={true}
      collapsable={false}
      focusable={true}
      onClick={[Function]}
      onResponderGrant={[Function]}
      onResponderMove={[Function]}
      onResponderRelease={[Function]}
      onResponderTerminate={[Function]}
      onResponderTerminationRequest={[Function]}
      onStartShouldSetResponder={[Function]}
      style={
        {
          "alignItems": "center",
          "backgroundColor": "yellow",
          "borderRadius": 10,
          "flexDirection": "row",
          "height": "100%",
          "justifyContent": "center",
          "opacity": 1,
          "width": "100%",
        }
      }
    >
      <Text
        style={
          {
            "color": "black",
            "fontSize": 20,
            "fontWeight": "bold",
            "textAlign": "center",
          }
        }
      >
        BINGO
      </Text>
    </View>
  </View>
  <View
    style={
      [
        {
          "alignItems": "center",
          "flexDirection": "row",
          "marginTop": 10,
          "transform": [
            {
              "scaleX": 1.2,
            },
            {
              "scaleY": 1.2,
            },
          ],
        },
        {
          "backgroundColor": "white",
          "color": "black",
        },
      ]
    }
  >
    <Text
      style={
        [
          {
            "marginRight": 10,
          },
          {
            "backgroundColor": "white",
            "color": "black",
          },
        ]
      }
    >
      Sound On/Off:
    </Text>
    <RCTSwitch
      accessibilityRole="switch"
      onChange={[Function]}
      onResponderTerminationRequest={[Function]}
      onStartShouldSetResponder={[Function]}
      style={
        {
          "height": 31,
          "width": 51,
        }
      }
      value={true}
    />
  </View>
</View>
`;
